// Jest Snapshot v1, https://goo.gl/fbAQLP

exports[`key-did-provider-secp256k1 encodeDID 1`] = `"did:key:zQ3shcKCXVrXuW21nQT5zptoEMWTozgoAHvsEGdb7bGBzqqq8"`;
